[    0.000000] Linux version 4.15.0-129-generic (buildd@lcy01-amd64-017) (gcc version 7.5.0 (Ubuntu 7.5.0-3ubuntu1~18.04)) #132-Ubuntu SMP Thu Dec 10 14:02:26 UTC 2020 (Ubuntu 4.15.0-129.132-generic 4.15.18)
[    0.000000] Command line: BOOT_IMAGE=/boot/vmlinuz-4.15.0-129-generic root=LABEL=cloudimg-rootfs ro console=tty1 console=ttyS0
[    0.000000] KERNEL supported cpus:
[    0.000000]   Intel GenuineIntel
[    0.000000]   AMD AuthenticAMD
[    0.000000]   Centaur CentaurHauls
[    0.000000] [Firmware Bug]: TSC doesn't count with P0 frequency!
[    0.000000] x86/fpu: Supporting XSAVE feature 0x001: 'x87 floating point registers'
[    0.000000] x86/fpu: Supporting XSAVE feature 0x002: 'SSE registers'
[    0.000000] x86/fpu: Supporting XSAVE feature 0x004: 'AVX registers'
[    0.000000] x86/fpu: xstate_offset[2]:  576, xstate_sizes[2]:  256
[    0.000000] x86/fpu: Enabled xstate features 0x7, context size is 832 bytes, using 'standard' format.
[    0.000000] e820: BIOS-provided physical RAM map:
[    0.000000] BIOS-e820: [mem 0x0000000000000000-0x000000000009fbff] usable
[    0.000000] BIOS-e820: [mem 0x000000000009fc00-0x000000000009ffff] reserved
[    0.000000] BIOS-e820: [mem 0x00000000000f0000-0x00000000000fffff] reserved
[    0.000000] BIOS-e820: [mem 0x0000000000100000-0x000000003ffeffff] usable
[    0.000000] BIOS-e820: [mem 0x000000003fff0000-0x000000003fffffff] ACPI data
[    0.000000] BIOS-e820: [mem 0x00000000fec00000-0x00000000fec00fff] reserved
[    0.000000] BIOS-e820: [mem 0x00000000fee00000-0x00000000fee00fff] reserved
[    0.000000] BIOS-e820: [mem 0x00000000fffc0000-0x00000000ffffffff] reserved
[    0.000000] NX (Execute Disable) protection: active
[    0.000000] SMBIOS 2.5 present.
[    0.000000] DMI: innotek GmbH VirtualBox/VirtualBox, BIOS VirtualBox 12/01/2006
[    0.000000] Hypervisor detected: KVM
[    0.000000] e820: last_pfn = 0x3fff0 max_arch_pfn = 0x400000000
[    0.000000] MTRR: Disabled
[    0.000000] x86/PAT: MTRRs disabled, skipping PAT initialization too.
[    0.000000] CPU MTRRs all blank - virtualized system.
[    0.000000] x86/PAT: Configuration [0-7]: WB  WT  UC- UC  WB  WT  UC- UC  
[    0.000000] found SMP MP-table at [mem 0x0009fff0-0x0009ffff]
[    0.000000] Scanning 1 areas for low memory corruption
[    0.000000] RAMDISK: [mem 0x35a67000-0x36d2afff]
[    0.000000] ACPI: Early table checksum verification disabled
[    0.000000] ACPI: RSDP 0x00000000000E0000 000024 (v02 VBOX  )
[    0.000000] ACPI: XSDT 0x000000003FFF0030 00003C (v01 VBOX   VBOXXSDT 00000001 ASL  00000061)
[    0.000000] ACPI: FACP 0x000000003FFF00F0 0000F4 (v04 VBOX   VBOXFACP 00000001 ASL  00000061)
[    0.000000] ACPI: DSDT 0x000000003FFF0470 002325 (v02 VBOX   VBOXBIOS 00000002 INTL 20100528)
[    0.000000] ACPI: FACS 0x000000003FFF0200 000040
[    0.000000] ACPI: FACS 0x000000003FFF0200 000040
[    0.000000] ACPI: APIC 0x000000003FFF0240 00005C (v02 VBOX   VBOXAPIC 00000001 ASL  00000061)
[    0.000000] ACPI: SSDT 0x000000003FFF02A0 0001CC (v01 VBOX   VBOXCPUT 00000002 INTL 20100528)
[    0.000000] No NUMA configuration found
[    0.000000] Faking a node at [mem 0x0000000000000000-0x000000003ffeffff]
[    0.000000] NODE_DATA(0) allocated [mem 0x3ffc5000-0x3ffeffff]
[    0.000000] kvm-clock: cpu 0, msr 0:3ff44001, primary cpu clock
[    0.000000] kvm-clock: Using msrs 4b564d01 and 4b564d00
[    0.000000] kvm-clock: using sched offset of 3152794918 cycles
[    0.000000] clocksource: kvm-clock: mask: 0xffffffffffffffff max_cycles: 0x1cd42e4dffb, max_idle_ns: 881590591483 ns
[    0.000000] Zone ranges:
[    0.000000]   DMA      [mem 0x0000000000001000-0x0000000000ffffff]
[    0.000000]   DMA32    [mem 0x0000000001000000-0x000000003ffeffff]
[    0.000000]   Normal   empty
[    0.000000]   Device   empty
[    0.000000] Movable zone start for each node
[    0.000000] Early memory node ranges
[    0.000000]   node   0: [mem 0x0000000000001000-0x000000000009efff]
[    0.000000]   node   0: [mem 0x0000000000100000-0x000000003ffeffff]
[    0.000000] Reserved but unavailable: 98 pages
[    0.000000] Initmem setup node 0 [mem 0x0000000000001000-0x000000003ffeffff]
[    0.000000] ACPI: PM-Timer IO Port: 0x4008
[    0.000000] IOAPIC[0]: apic_id 2, version 32, address 0xfec00000, GSI 0-23
[    0.000000] ACPI: INT_SRC_OVR (bus 0 bus_irq 0 global_irq 2 dfl dfl)
[    0.000000] ACPI: INT_SRC_OVR (bus 0 bus_irq 9 global_irq 9 low level)
[    0.000000] Using ACPI (MADT) for SMP configuration information
[    0.000000] smpboot: Allowing 2 CPUs, 0 hotplug CPUs
[    0.000000] PM: Registered nosave memory: [mem 0x00000000-0x00000fff]
[    0.000000] PM: Registered nosave memory: [mem 0x0009f000-0x0009ffff]
[    0.000000] PM: Registered nosave memory: [mem 0x000a0000-0x000effff]
[    0.000000] PM: Registered nosave memory: [mem 0x000f0000-0x000fffff]
[    0.000000] e820: [mem 0x40000000-0xfebfffff] available for PCI devices
[    0.000000] Booting paravirtualized kernel on KVM
[    0.000000] clocksource: refined-jiffies: mask: 0xffffffff max_cycles: 0xffffffff, max_idle_ns: 7645519600211568 ns
[    0.000000] random: get_random_bytes called from start_kernel+0x99/0x500 with crng_init=0
[    0.000000] setup_percpu: NR_CPUS:8192 nr_cpumask_bits:2 nr_cpu_ids:2 nr_node_ids:1
[    0.000000] percpu: Embedded 45 pages/cpu s147456 r8192 d28672 u1048576
[    0.000000] PV qspinlock hash table entries: 256 (order: 0, 4096 bytes)
[    0.000000] Built 1 zonelists, mobility grouping on.  Total pages: 257913
[    0.000000] Policy zone: DMA32
[    0.000000] Kernel command line: BOOT_IMAGE=/boot/vmlinuz-4.15.0-129-generic root=LABEL=cloudimg-rootfs ro console=tty1 console=ttyS0
[    0.000000] Memory: 983028K/1048120K available (12300K kernel code, 2482K rwdata, 4276K rodata, 2440K init, 2724K bss, 65092K reserved, 0K cma-reserved)
[    0.000000] SLUB: HWalign=64, Order=0-3, MinObjects=0, CPUs=2, Nodes=1
[    0.000000] ftrace: allocating 39421 entries in 154 pages
[    0.004000] Hierarchical RCU implementation.
[    0.004000] 	RCU restricting CPUs from NR_CPUS=8192 to nr_cpu_ids=2.
[    0.004000] 	Tasks RCU enabled.
[    0.004000] RCU: Adjusting geometry for rcu_fanout_leaf=16, nr_cpu_ids=2
[    0.004000] NR_IRQS: 524544, nr_irqs: 440, preallocated irqs: 16
[    0.004000] Console: colour VGA+ 80x25
[    0.004000] console [tty1] enabled
[    0.004000] console [ttyS0] enabled
[    0.004000] ACPI: Core revision 20170831
[    0.004000] ACPI: 2 ACPI AML tables successfully acquired and loaded
[    0.004000] APIC: Switch to symmetric I/O mode setup
[    0.004000] x2apic enabled
[    0.004000] Switched APIC routing to physical x2apic.
[    0.004000] ..TIMER: vector=0x30 apic1=0 pin1=2 apic2=-1 pin2=-1
[    0.004000] tsc: Detected 3593.248 MHz processor
[    0.004000] Calibrating delay loop (skipped) preset value.. 7186.49 BogoMIPS (lpj=14372992)
[    0.004000] pid_max: default: 32768 minimum: 301
[    0.004000] Security Framework initialized
[    0.004000] Yama: becoming mindful.
[    0.004000] AppArmor: AppArmor initialized
[    0.004000] Dentry cache hash table entries: 131072 (order: 8, 1048576 bytes)
[    0.004000] Inode-cache hash table entries: 65536 (order: 7, 524288 bytes)
[    0.004000] Mount-cache hash table entries: 2048 (order: 2, 16384 bytes)
[    0.004000] Mountpoint-cache hash table entries: 2048 (order: 2, 16384 bytes)
[    0.004182] Last level iTLB entries: 4KB 1024, 2MB 1024, 4MB 512
[    0.004833] Last level dTLB entries: 4KB 2048, 2MB 2048, 4MB 1024, 1GB 0
[    0.005549] Spectre V1 : Mitigation: usercopy/swapgs barriers and __user pointer sanitization
[    0.006474] Spectre V2 : Spectre mitigation: LFENCE not serializing, switching to generic retpoline
[    0.008001] Spectre V2 : Mitigation: Full generic retpoline
[    0.008613] Spectre V2 : Spectre v2 / SpectreRSB mitigation: Filling RSB on context switch
[    0.009511] Speculative Store Bypass: Mitigation: Speculative Store Bypass disabled via prctl and seccomp
[    0.010662] Freeing SMP alternatives memory: 36K
[    0.124941] APIC calibration not consistent with PM-Timer: 102ms instead of 100ms
[    0.125762] APIC delta adjusted to PM-Timer: 6287973 (6454819)
[    0.126416] smpboot: CPU0: AMD Ryzen 7 3700X 8-Core Processor (family: 0x17, model: 0x71, stepping: 0x0)
[    0.127466] Performance Events: PMU not available due to virtualization, using software events only.
[    0.128000] Hierarchical SRCU implementation.
[    0.128000] NMI watchdog: Perf event create on CPU 0 failed with -2
[    0.128000] NMI watchdog: Perf NMI watchdog permanently disabled
[    0.128000] smp: Bringing up secondary CPUs ...
[    0.128044] x86: Booting SMP configuration:
[    0.128524] .... node  #0, CPUs:      #1
[    0.004000] kvm-clock: cpu 1, msr 0:3ff44041, secondary cpu clock
[    0.132017] smp: Brought up 1 node, 2 CPUs
[    0.132471] smpboot: Max logical packages: 1
[    0.132953] smpboot: Total of 2 processors activated (14372.99 BogoMIPS)
[    0.133740] devtmpfs: initialized
[    0.133740] x86/mm: Memory block size: 128MB
[    0.133740] evm: security.selinux
[    0.133740] evm: security.SMACK64
[    0.133740] evm: security.SMACK64EXEC
[    0.136005] evm: security.SMACK64TRANSMUTE
[    0.136469] evm: security.SMACK64MMAP
[    0.136893] evm: security.apparmor
[    0.137279] evm: security.ima
[    0.137623] evm: security.capability
[    0.138051] clocksource: jiffies: mask: 0xffffffff max_cycles: 0xffffffff, max_idle_ns: 7645041785100000 ns
[    0.138051] futex hash table entries: 512 (order: 3, 32768 bytes)
[    0.140622] pinctrl core: initialized pinctrl subsystem
[    0.141250] RTC time:  9:15:37, date: 01/06/21
[    0.141855] NET: Registered protocol family 16
[    0.142377] audit: initializing netlink subsys (disabled)
[    0.142969] audit: type=2000 audit(1609924541.729:1): state=initialized audit_enabled=0 res=1
[    0.144006] cpuidle: using governor ladder
[    0.144448] cpuidle: using governor menu
[    0.144616] ACPI: bus type PCI registered
[    0.144616] acpiphp: ACPI Hot Plug PCI Controller Driver version: 0.5
[    0.145252] PCI: Using configuration type 1 for base access
[    0.145863] PCI: Using configuration type 1 for extended access
[    0.148560] HugeTLB registered 2.00 MiB page size, pre-allocated 0 pages
[    0.148768] ACPI: Added _OSI(Module Device)
[    0.148768] ACPI: Added _OSI(Processor Device)
[    0.149014] ACPI: Added _OSI(3.0 _SCP Extensions)
[    0.149536] ACPI: Added _OSI(Processor Aggregator Device)
[    0.150108] ACPI: Added _OSI(Linux-Dell-Video)
[    0.152005] ACPI: Added _OSI(Linux-Lenovo-NV-HDMI-Audio)
[    0.152563] ACPI: Added _OSI(Linux-HPI-Hybrid-Graphics)
[    0.153308] ACPI: Executed 1 blocks of module-level executable AML code
[    0.156481] ACPI: Interpreter enabled
[    0.156913] ACPI: (supports S0 S5)
[    0.157292] ACPI: Using IOAPIC for interrupt routing
[    0.157992] PCI: Using host bridge windows from ACPI; if necessary, use "pci=nocrs" and report a bug
[    0.159044] ACPI: Enabled 2 GPEs in block 00 to 07
[    0.162944] ACPI: PCI Root Bridge [PCI0] (domain 0000 [bus 00-ff])
[    0.163609] acpi PNP0A03:00: _OSC: OS supports [ExtendedConfig ASPM ClockPM Segments MSI]
[    0.164598] acpi PNP0A03:00: _OSC: platform does not support [PCIeCapability]
[    0.165639] acpi PNP0A03:00: _OSC: not requesting control; platform does not support [PCIeCapability]
[    0.166622] acpi PNP0A03:00: _OSC: OS requested [PCIeHotplug PME AER PCIeCapability]
[    0.167472] acpi PNP0A03:00: _OSC: platform willing to grant [PCIeHotplug PME AER]
[    0.168001] acpi PNP0A03:00: _OSC failed (AE_SUPPORT); disabling ASPM
[    0.168915] PCI host bridge to bus 0000:00
[    0.169750] pci_bus 0000:00: root bus resource [io  0x0000-0x0cf7 window]
[    0.170464] pci_bus 0000:00: root bus resource [io  0x0d00-0xffff window]
[    0.171177] pci_bus 0000:00: root bus resource [mem 0x000a0000-0x000bffff window]
[    0.172002] pci_bus 0000:00: root bus resource [mem 0x40000000-0xfdffffff window]
[    0.172808] pci_bus 0000:00: root bus resource [bus 00-ff]
[    0.174646] pci 0000:00:01.1: legacy IDE quirk: reg 0x10: [io  0x01f0-0x01f7]
[    0.175390] pci 0000:00:01.1: legacy IDE quirk: reg 0x14: [io  0x03f6]
[    0.176001] pci 0000:00:01.1: legacy IDE quirk: reg 0x18: [io  0x0170-0x0177]
[    0.176743] pci 0000:00:01.1: legacy IDE quirk: reg 0x1c: [io  0x0376]
[    0.184551] pci 0000:00:07.0: quirk: [io  0x4000-0x403f] claimed by PIIX4 ACPI
[    0.185351] pci 0000:00:07.0: quirk: [io  0x4100-0x410f] claimed by PIIX4 SMB
[    0.190001] ACPI: PCI Interrupt Link [LNKA] (IRQs 5 9 10 *11)
[    0.190831] ACPI: PCI Interrupt Link [LNKB] (IRQs 5 9 *10 11)
[    0.191519] ACPI: PCI Interrupt Link [LNKC] (IRQs 5 *9 10 11)
[    0.192055] ACPI: PCI Interrupt Link [LNKD] (IRQs 5 9 10 *11)
[    0.192872] SCSI subsystem initialized
[    0.193338] pci 0000:00:02.0: vgaarb: setting as boot VGA device
[    0.193338] pci 0000:00:02.0: vgaarb: VGA device added: decodes=io+mem,owns=io+mem,locks=none
[    0.193572] pci 0000:00:02.0: vgaarb: bridge control possible
[    0.194187] vgaarb: loaded
[    0.194556] ACPI: bus type USB registered
[    0.196014] usbcore: registered new interface driver usbfs
[    0.196644] usbcore: registered new interface driver hub
[    0.197229] usbcore: registered new device driver usb
[    0.197820] EDAC MC: Ver: 3.0.0
[    0.197820] PCI: Using ACPI for IRQ routing
[    0.197820] NetLabel: Initializing
[    0.197820] NetLabel:  domain hash size = 128
[    0.200011] NetLabel:  protocols = UNLABELED CIPSOv4 CALIPSO
[    0.200625] NetLabel:  unlabeled traffic allowed by default
[    0.201234] clocksource: Switched to clocksource kvm-clock
[    0.213097] VFS: Disk quotas dquot_6.6.0
[    0.213584] VFS: Dquot-cache hash table entries: 512 (order 0, 4096 bytes)
[    0.214384] AppArmor: AppArmor Filesystem Enabled
[    0.214955] pnp: PnP ACPI init
[    0.215951] pnp: PnP ACPI: found 3 devices
[    0.223572] clocksource: acpi_pm: mask: 0xffffff max_cycles: 0xffffff, max_idle_ns: 2085701024 ns
[    0.224597] NET: Registered protocol family 2
[    0.225159] TCP established hash table entries: 8192 (order: 4, 65536 bytes)
[    0.225931] TCP bind hash table entries: 8192 (order: 5, 131072 bytes)
[    0.227785] TCP: Hash tables configured (established 8192 bind 8192)
[    0.228479] UDP hash table entries: 512 (order: 2, 16384 bytes)
[    0.229113] UDP-Lite hash table entries: 512 (order: 2, 16384 bytes)
[    0.229802] NET: Registered protocol family 1
[    0.230289] pci 0000:00:00.0: Limiting direct PCI/PCI transfers
[    0.230931] pci 0000:00:01.0: Activating ISA DMA hang workarounds
[    0.231614] pci 0000:00:02.0: Video device with shadowed ROM at [mem 0x000c0000-0x000dffff]
[    0.232579] Unpacking initramfs...
[    0.448888] Freeing initrd memory: 19216K
[    0.449452] clocksource: tsc: mask: 0xffffffffffffffff max_cycles: 0x33cb68e6ea4, max_idle_ns: 440795288133 ns
[    0.450592] platform rtc_cmos: registered platform RTC device (no PNP device found)
[    0.451496] Scanning for low memory corruption every 60 seconds
[    0.452691] Initialise system trusted keyrings
[    0.453234] Key type blacklist registered
[    0.453740] workingset: timestamp_bits=36 max_order=18 bucket_order=0
[    0.454994] zbud: loaded
[    0.455632] squashfs: version 4.0 (2009/01/31) Phillip Lougher
[    0.456422] fuse init (API version 7.26)
[    0.459074] Key type asymmetric registered
[    0.459546] Asymmetric key parser 'x509' registered
[    0.460103] Block layer SCSI generic (bsg) driver version 0.4 loaded (major 246)
[    0.460985] io scheduler noop registered
[    0.461432] io scheduler deadline registered
[    0.461929] io scheduler cfq registered (default)
[    0.462608] ACPI: AC Adapter [AC] (on-line)
[    0.463108] input: Power Button as /devices/LNXSYSTM:00/LNXPWRBN:00/input/input0
[    0.463956] ACPI: Power Button [PWRF]
[    0.464441] input: Sleep Button as /devices/LNXSYSTM:00/LNXSLPBN:00/input/input1
[    0.465253] ACPI: Sleep Button [SLPF]
[    0.465918] Serial: 8250/16550 driver, 32 ports, IRQ sharing enabled
[    0.486986] 00:02: ttyS0 at I/O 0x3f8 (irq = 4, base_baud = 115200) is a 16550A
[    0.489346] Linux agpgart interface v0.103
[    0.490804] loop: module loaded
[    0.491523] scsi host0: ata_piix
[    0.492013] scsi host1: ata_piix
[    0.492429] ata1: PATA max UDMA/33 cmd 0x1f0 ctl 0x3f6 bmdma 0xd000 irq 14
[    0.493149] ata2: PATA max UDMA/33 cmd 0x170 ctl 0x376 bmdma 0xd008 irq 15
[    0.494073] libphy: Fixed MDIO Bus: probed
[    0.494550] tun: Universal TUN/TAP device driver, 1.6
[    0.495167] PPP generic driver version 2.4.2
[    0.495686] ehci_hcd: USB 2.0 'Enhanced' Host Controller (EHCI) Driver
[    0.496394] ehci-pci: EHCI PCI platform driver
[    0.496897] ehci-platform: EHCI generic platform driver
[    0.497465] ohci_hcd: USB 1.1 'Open' Host Controller (OHCI) Driver
[    0.498130] ohci-pci: OHCI PCI platform driver
[    0.498624] ohci-platform: OHCI generic platform driver
[    0.499196] uhci_hcd: USB Universal Host Controller Interface driver
[    0.499904] i8042: PNP: PS/2 Controller [PNP0303:PS2K,PNP0f03:PS2M] at 0x60,0x64 irq 1,12
[    0.501146] serio: i8042 KBD port at 0x60,0x64 irq 1
[    0.501717] serio: i8042 AUX port at 0x60,0x64 irq 12
[    0.502372] mousedev: PS/2 mouse device common for all mice
[    0.503390] input: AT Translated Set 2 keyboard as /devices/platform/i8042/serio0/input/input2
[    0.504361] rtc_cmos rtc_cmos: rtc core: registered rtc_cmos as rtc0
[    0.505163] rtc_cmos rtc_cmos: alarms up to one day, 114 bytes nvram
[    0.505839] i2c /dev entries driver
[    0.506267] device-mapper: uevent: version 1.0.3
[    0.506835] device-mapper: ioctl: 4.37.0-ioctl (2017-09-20) initialised: dm-devel@redhat.com
[    0.507775] ledtrig-cpu: registered to indicate activity on CPUs
[    0.508711] NET: Registered protocol family 10
[    0.511276] Segment Routing with IPv6
[    0.511730] NET: Registered protocol family 17
[    0.512317] Key type dns_resolver registered
[    0.512909] mce: Using 0 MCE banks
[    0.513306] RAS: Correctable Errors collector initialized.
[    0.513901] sched_clock: Marking stable (512892566, 0)->(610542436, -97649870)
[    0.514968] registered taskstats version 1
[    0.515440] Loading compiled-in X.509 certificates
[    0.517170] Loaded X.509 cert 'Build time autogenerated kernel key: c0b12e93431a85da2633d00ac393f61630080db8'
[    0.518236] zswap: loaded using pool lzo/zbud
[    0.520403] Key type big_key registered
[    0.520856] Key type trusted registered
[    0.522178] Key type encrypted registered
[    0.522643] AppArmor: AppArmor sha1 policy hashing enabled
[    0.523238] ima: No TPM chip found, activating TPM-bypass! (rc=-19)
[    0.523907] ima: Allocated hash algorithm: sha1
[    0.524463] evm: HMAC attrs: 0x1
[    0.524995]   Magic number: 5:92:272
[    0.525487] rtc_cmos rtc_cmos: setting system clock to 2021-01-06 09:15:37 UTC (1609924537)
[    0.526447] BIOS EDD facility v0.16 2004-Jun-25, 0 devices found
[    0.527097] EDD information not available.
[    0.676597] Freeing unused kernel image memory: 2440K
[    0.763748] Write protecting the kernel read-only data: 20480k
[    0.765021] Freeing unused kernel image memory: 2008K
[    0.765941] Freeing unused kernel image memory: 1868K
[    0.772962] x86/mm: Checked W+X mappings: passed, no W+X pages found.
Loading, please wait...
starting version 237
[    0.807292] e1000: Intel(R) PRO/1000 Network Driver - version 7.3.21-k8-NAPI
[    0.808081] e1000: Copyright (c) 1999-2006 Intel Corporation.
[    0.810046] Fusion MPT base driver 3.04.20
[    0.810520] Copyright (c) 1999-2008 LSI Corporation
[    0.817396] Fusion MPT SPI Host driver 3.04.20
[    0.820998] AVX2 version of gcm_enc/dec engaged.
[    0.821533] AES CTR mode by8 optimization enabled
[    1.013012] input: ImExPS/2 Generic Explorer Mouse as /devices/platform/i8042/serio1/input/input4
[    1.167639] e1000 0000:00:03.0 eth0: (PCI:33MHz:32-bit) 02:32:ba:d6:6d:1a
[    1.168535] e1000 0000:00:03.0 eth0: Intel(R) PRO/1000 Network Connection
[    1.170007] mptbase: ioc0: Initiating bringup
[    1.264431] ioc0: LSI53C1030 A0: Capabilities={Initiator}
[    1.522161] scsi host2: ioc0: LSI53C1030 A0, FwRev=00000000h, Ports=1, MaxQ=256, IRQ=20
[    2.869414] scsi 2:0:0:0: Direct-Access     VBOX     HARDDISK         1.0  PQ: 0 ANSI: 5
[    2.900283] scsi target2:0:0: Beginning Domain Validation
[    2.901652] scsi target2:0:0: Domain Validation skipping write tests
[    2.902508] scsi target2:0:0: Ending Domain Validation
[    2.903267] scsi target2:0:0: asynchronous
[    2.904105] scsi 2:0:1:0: Direct-Access     VBOX     HARDDISK         1.0  PQ: 0 ANSI: 5
[    3.188405] scsi target2:0:1: Beginning Domain Validation
[    3.189622] random: fast init done
[    3.190012] scsi target2:0:1: Domain Validation skipping write tests
[    3.190673] scsi target2:0:1: Ending Domain Validation
[    3.191250] scsi target2:0:1: asynchronous
[    3.193675] random: systemd-udevd: uninitialized urandom read (16 bytes read)
[    3.193723] sd 2:0:0:0: Attached scsi generic sg0 type 0
[    3.194422] random: systemd-udevd: uninitialized urandom read (16 bytes read)
[    3.195191] sd 2:0:1:0: [sdb] 20480 512-byte logical blocks: (10.5 MB/10.0 MiB)
[    3.195768] random: systemd-udevd: uninitialized urandom read (16 bytes read)
[    3.196604] sd 2:0:1:0: [sdb] Write Protect is off
[    3.197477] sd 2:0:1:0: Attached scsi generic sg1 type 0
[    3.198380] sd 2:0:0:0: [sda] 20971520 512-byte logical blocks: (10.7 GB/10.0 GiB)
[    3.199632] sd 2:0:0:0: [sda] Write Protect is off
[    3.199646] sd 2:0:1:0: [sdb] Incomplete mode parameter data
[    3.200775] sd 2:0:1:0: [sdb] Assuming drive cache: write through
[    3.200852] sd 2:0:0:0: [sda] Incomplete mode parameter data
[    3.202151] sd 2:0:0:0: [sda] Assuming drive cache: write through
[    3.208350]  sda: sda1
[    3.209112] sd 2:0:0:0: [sda] Attached SCSI disk
[    3.210083] sd 2:0:1:0: [sdb] Attached SCSI disk
[    3.212466] e1000 0000:00:08.0 eth1: (PCI:33MHz:32-bit) 08:00:27:a3:0c:12
[    3.213164] e1000 0000:00:08.0 eth1: Intel(R) PRO/1000 Network Connection
[    3.214519] e1000 0000:00:08.0 enp0s8: renamed from eth1
[    3.232532] e1000 0000:00:03.0 enp0s3: renamed from eth0
Begin: Loading essential drivers ... [    4.541356] raid6: sse2x1   gen()  9338 MB/s
[    4.589233] raid6: sse2x1   xor()  9099 MB/s
[    4.636148] raid6: sse2x2   gen() 18191 MB/s
[    4.684012] raid6: sse2x2   xor() 12019 MB/s
[    4.732867] raid6: sse2x4   gen() 18784 MB/s
[    4.781727] raid6: sse2x4   xor() 10889 MB/s
[    4.829610] raid6: avx2x1   gen() 21035 MB/s
[    4.876508] raid6: avx2x1   xor() 17045 MB/s
[    4.924389] raid6: avx2x2   gen() 27418 MB/s
[    4.973247] raid6: avx2x2   xor() 22697 MB/s
[    5.020153] raid6: avx2x4   gen() 37769 MB/s
[    5.068029] raid6: avx2x4   xor() 17691 MB/s
[    5.068500] raid6: using algorithm avx2x4 gen() 37769 MB/s
[    5.069101] raid6: .... xor() 17691 MB/s, rmw enabled
[    5.069659] raid6: using avx2x2 recovery algorithm
[    5.070907] xor: automatically using best checksumming function   avx       
[    5.072306] async_tx: api initialized (async)
done.
Begin: Running /scripts/init-premount ... done.
Begin: Mounting root file system ... Begin: Running /scripts/local-top ... done.
Begin: Running /scripts/local-premount ... [    5.098401] Btrfs loaded, crc32c=crc32c-intel
Scanning for Btrfs filesystems
done.
Warning: fsck not present, so skipping root file system
[    5.122508] EXT4-fs (sda1): mounted filesystem with ordered data mode. Opts: (null)
done.
Begin: Running /scripts/local-bottom ... done.
Begin: Running /scripts/init-bottom ... done.
[    5.257607] ip_tables: (C) 2000-2006 Netfilter Core Team
[    5.264867] systemd[1]: systemd 237 running in system mode. (+PAM +AUDIT +SELINUX +IMA +APPARMOR +SMACK +SYSVINIT +UTMP +LIBCRYPTSETUP +GCRYPT +GNUTLS +ACL +XZ +LZ4 +SECCOMP +BLKID +ELFUTILS +KMOD -IDN2 +IDN -PCRE2 default-hierarchy=hybrid)
[    5.267115] systemd[1]: Detected virtualization oracle.
[    5.267672] systemd[1]: Detected architecture x86-64.

Welcome to [1mUbuntu 18.04.5 LTS[0m!

[    5.271972] systemd[1]: Set hostname to <ubuntu>.
[    5.276496] systemd[1]: Initializing machine ID from random generator.
[    5.277199] systemd[1]: Installed transient /etc/machine-id file.
[    5.433455] systemd[1]: Created slice User and Session Slice.
[[0;32m  OK  [0m] Created slice User and Session Slice.
[    5.434558] systemd[1]: Reached target Swap.
[[0;32m  OK  [0m] Reached target Swap.
[    5.435382] systemd[1]: Started Forward Password Requests to Wall Directory Watch.
[[0;32m  OK  [0m] Started Forward Password Requests to Wall Directory Watch.
[    5.436815] systemd[1]: Reached target User and Group Name Lookups.
[[0;32m  OK  [0m] Reached target User and Group Name Lookups.
[[0;32m  OK  [0m] Reached target System Time Synchronized.
[[0;32m  OK  [0m] Created slice System Slice.
[[0;32m  OK  [0m] Listening on udev Kernel Socket.
[[0;32m  OK  [0m] Listening on LVM2 metadata daemon socket.
[[0;32m  OK  [0m] Listening on Syslog Socket.
[[0;32m  OK  [0m] Listening on Journal Audit Socket.
[[0;32m  OK  [0m] Listening on Journal Socket (/dev/log).
[[0;32m  OK  [0m] Listening on LVM2 poll daemon socket.
[[0;32m  OK  [0m] Listening on udev Control Socket.
[[0;32m  OK  [0m] Listening on Device-mapper event daemon FIFOs.
[[0;32m  OK  [0m] Listening on Journal Socket.
         Starting Journal Service...
         Starting Load Kernel Modules...
         Starting Set the console keyboard layout...
         Mounting Huge Pages File System...
         Starting Remount Root and Kernel File Systems...
         Mounting Kernel Debug File System...
         Starting Monitoring of LVM2 mirrorsâ€¦ng dmeventd or progress polling...
         Starting Uncomplicated firewall...
         Mounting POSIX Message Queue File System...
         Starting Create list of required stâ€¦ce nodes for the current kernel...
         Starting udev Coldplug all Devices...
[[0;32m  OK  [0m] Listening on Network Service Netlink Socket.
[[0;32m  OK  [0m] Created slice system-serial\x2dgetty.slice.
[    5.471363] Loading iSCSI transport class v2.0-870.
[[0;32m  OK  [0m] Listening on /dev/initctl Compatibility Named Pipe.
[[0;32m  OK  [0m] Set up automount Arbitrary Executabâ€¦rmats File System Automount Point.
[[0;32m  OK  [0m] Reached target Slices.
[[0;32m  OK  [0m] Started Journal Service.
[[0;32m  OK  [0m] Started Uncomplicated firewall.
[[0;32m  OK  [0m] Started Create list of required staâ€¦vice nodes for the current kernel.
[[0;32m  OK  [0m] Started LVM2 metadata daemon.
         Starting Create Static Device Nodes in /dev...
[    5.567239] iscsi: registered transport (tcp)
[[0;32m  OK  [0m] Started udev Coldplug all Devices.
[[0;32m  OK  [0m] Mounted Huge Pages File System.
[[0;32m  OK  [0m] Mounted Kernel Debug File System.
[[0;32m  OK  [0m] Mounted POSIX Message Queue File System.
[[0;32m  OK  [0m] Started Create Static Device Nodes in /dev.
[    5.628468] iscsi: registered transport (iser)
[[0;32m  OK  [0m] Started Load Kernel Modules.
         Starting Apply Kernel Variables...
         Mounting Kernel Configuration File System...
         Mounting FUSE Control File System...
[[0;32m  OK  [0m] Mounted Kernel Configuration File System.
[[0;32m  OK  [0m] Mounted FUSE Control File System.
[    5.679479] EXT4-fs (sda1): re-mounted. Opts: (null)
[[0;32m  OK  [0m] Started Remount Root and Kernel File Systems.
         Starting udev Kernel Device Manager...
         Starting Load/Save Random Seed...
         Starting Flush Journal to Persistent Storage...
[[0;32m  OK  [0m] Started Monitoring of LVM2 mirrors,â€¦sing dmeventd or progress polling.
[[0;32m  OK  [0m] Started Load/Save Random Seed.
[[0;32m  OK  [0m] Started udev Kernel Device Manager.
[[0;32m  OK  [0m] Started Set the console keyboard layout.
[[0;32m  OK  [0m] Reached target Local File Systems (Pre).
[[0;32m  OK  [0m] Reached target Local File Systems.
         Starting Set console font and keymap...
         Starting Commit a transient machine-id on disk...
         Starting ebtables ruleset management...
         Starting Tell Plymouth To Write Out Runtime Data...
         Starting AppArmor initialization...
[[0;32m  OK  [0m] Started Dispatch Password Requests to Console Directory Watch.
[[0;32m  OK  [0m] Reached target Local Encrypted Volumes.
[[0;32m  OK  [0m] Started Apply Kernel Variables.
[[0;32m  OK  [0m] Started Flush Journal to Persistent Storage.
         Starting Create Volatile Files and Directories...
[[0;32m  OK  [0m] Started Tell Plymouth To Write Out Runtime Data.
[[0;32m  OK  [0m] Started Set console font and keymap.
[[0;32m  OK  [0m] Started Create Volatile Files and Directories.
         Starting Update UTMP about System Boot/Shutdown...
[[0;32m  OK  [0m] Started Update UTMP about System Boot/Shutdown.
[[0;32m  OK  [0m] Started Commit a transient machine-id on disk.
[[0;32m  OK  [0m] Started ebtables ruleset management.
[[0;32m  OK  [0m] Found device /dev/ttyS0.
[[0;32m  OK  [0m] Listening on Load/Save RF Kill Switch Status /dev/rfkill Watch.
[[0;32m  OK  [0m] Started AppArmor initialization.
         Starting Load AppArmor profiles managed internally by snapd...
         Starting Initial cloud-init job (pre-networking)...
[[0;32m  OK  [0m] Started Load AppArmor profiles managed internally by snapd.
[    7.262716] cloud-init[567]: Cloud-init v. 20.4-0ubuntu1~18.04.1 running 'init-local' at Wed, 06 Jan 2021 09:15:43 +0000. Up 6.86 seconds.
[[0;32m  OK  [0m] Started Initial cloud-init job (pre-networking).
[[0;32m  OK  [0m] Reached target Network (Pre).
         Starting Network Service...
[[0;32m  OK  [0m] Started Network Service.
         Starting Network Name Resolution...
         Starting Wait for Network to be Configured...
[[0;32m  OK  [0m] Started Network Name Resolution.
[[0;32m  OK  [0m] Reached target Host and Network Name Lookups.
[[0;32m  OK  [0m] Reached target Network.
[[0;32m  OK  [0m] Started Wait for Network to be Configured.
         Starting Initial cloud-init job (metadata service crawler)...
[    8.951924] cloud-init[687]: Cloud-init v. 20.4-0ubuntu1~18.04.1 running 'init' at Wed, 06 Jan 2021 09:15:45 +0000. Up 8.86 seconds.
[    8.952798] cloud-init[687]: ci-info: ++++++++++++++++++++++++++++++++++++++Net device info+++++++++++++++++++++++++++++++++++++++
[    8.953682] cloud-init[687]: ci-info: +--------+-------+----------------------------+---------------+--------+-------------------+
[    8.954466] cloud-init[687]: ci-info: | Device |   Up  |          Address           |      Mask     | Scope  |     Hw-Address    |
[    8.955227] cloud-init[687]: ci-info: +--------+-------+----------------------------+---------------+--------+-------------------+
[    8.956177] cloud-init[687]: ci-info: | enp0s3 |  True |         10.0.2.15          | 255.255.255.0 | global | 02:32:ba:d6:6d:1a |
[    8.956932] cloud-init[687]: ci-info: | enp0s3 |  True | fe80::32:baff:fed6:6d1a/64 |       .       |  link  | 02:32:ba:d6:6d:1a |
[    8.957612] cloud-init[687]: ci-info: | enp0s8 | False |             .              |       .       |   .    | 08:00:27:a3:0c:12 |
[    8.958296] cloud-init[687]: ci-info: |   lo   |  True |         127.0.0.1          |   255.0.0.0   |  host  |         .         |
[    8.958977] cloud-init[687]: ci-info: |   lo   |  True |          ::1/128           |       .       |  host  |         .         |
[    8.968752] cloud-init[687]: ci-info: +--------+-------+----------------------------+---------------+--------+-------------------+
[    8.969809] cloud-init[687]: ci-info: ++++++++++++++++++++++++++++Route IPv4 info+++++++++++++++++++++++++++++
[    8.970693] cloud-init[687]: ci-info: +-------+-------------+----------+-----------------+-----------+-------+
[    8.971603] cloud-init[687]: ci-info: | Route | Destination | Gateway  |     Genmask     | Interface | Flags |
[    8.972607] cloud-init[687]: ci-info: +-------+-------------+----------+-----------------+-----------+-------+
[    8.973476] cloud-init[687]: ci-info: |   0   |   0.0.0.0   | 10.0.2.2 |     0.0.0.0     |   enp0s3  |   UG  |
[    8.974334] cloud-init[687]: ci-info: |   1   |   10.0.2.0  | 0.0.0.0  |  255.255.255.0  |   enp0s3  |   U   |
[    8.975265] cloud-init[687]: ci-info: |   2   |   10.0.2.2  | 0.0.0.0  | 255.255.255.255 |   enp0s3  |   UH  |
[    8.976104] cloud-init[687]: ci-info: +-------+-------------+----------+-----------------+-----------+-------+
[    8.976916] cloud-init[687]: ci-info: +++++++++++++++++++Route IPv6 info+++++++++++++++++++
[    8.977595] cloud-init[687]: ci-info: +-------+-------------+---------+-----------+-------+
[    8.978266] cloud-init[687]: ci-info: | Route | Destination | Gateway | Interface | Flags |
[    8.978962] cloud-init[687]: ci-info: +-------+-------------+---------+-----------+-------+
[    8.979629] cloud-init[687]: ci-info: |   1   |  fe80::/64  |    ::   |   enp0s3  |   U   |
[    8.980311] cloud-init[687]: ci-info: |   3   |    local    |    ::   |   enp0s3  |   U   |
[    8.981009] cloud-init[687]: ci-info: |   4   |   ff00::/8  |    ::   |   enp0s3  |   U   |
[    8.981682] cloud-init[687]: ci-info: +-------+-------------+---------+-----------+-------+
[   10.380519] cloud-init[687]: Generating public/private rsa key pair.
[   10.381143] cloud-init[687]: Your identification has been saved in /etc/ssh/ssh_host_rsa_key.
[   10.381836] cloud-init[687]: Your public key has been saved in /etc/ssh/ssh_host_rsa_key.pub.
[   10.382524] cloud-init[687]: The key fingerprint is:
[   10.382946] cloud-init[687]: SHA256:Iu147Ni19hj1VN9LI156ixjjA44f/tbnGmKYc1+glX8 root@ubuntu-bionic
[   10.383686] cloud-init[687]: The key's randomart image is:
[   10.384186] cloud-init[687]: +---[RSA 2048]----+
[   10.384580] cloud-init[687]: |                 |
[   10.384970] cloud-init[687]: |                 |
[   10.385367] cloud-init[687]: |              .  |
[   10.385771] cloud-init[687]: |     .       ....|
[   10.386168] cloud-init[687]: |    . o S . .= +o|
[   10.386576] cloud-init[687]: |     = . ooo+ B o|
[   10.387006] cloud-init[687]: |    . + ==.Bo+ =E|
[   10.387389] cloud-init[687]: |     = oo=*o*.=.o|
[   10.387819] cloud-init[687]: |    . o.++++.++o |
[   10.388229] cloud-init[687]: +----[SHA256]-----+
[   10.388651] cloud-init[687]: Generating public/private dsa key pair.
[   10.389202] cloud-init[687]: Your identification has been saved in /etc/ssh/ssh_host_dsa_key.
[   10.389906] cloud-init[687]: Your public key has been saved in /etc/ssh/ssh_host_dsa_key.pub.
[   10.390624] cloud-init[687]: The key fingerprint is:
[   10.391027] cloud-init[687]: SHA256:1JREnOo/eVwQXJT517BZ+LTVlKyOUILipNMLP1LM2vk root@ubuntu-bionic
[   10.391761] cloud-init[687]: The key's randomart image is:
[   10.392235] cloud-init[687]: +---[DSA 1024]----+
[   10.392634] cloud-init[687]: |        .+++ o+=+|
[   10.393032] cloud-init[687]: |     o . ++.o =o=|
[   10.393416] cloud-init[687]: |    B . ..+  ..O+|
[   10.393801] cloud-init[687]: |   + * ...  ..o.=|
[   10.394215] cloud-init[687]: |    B o.S . o.  .|
[   10.394619] cloud-init[687]: |   o *  .  . ..  |
[   10.395024] cloud-init[687]: |    . o  . o .   |
[   10.395422] cloud-init[687]: |       E  + o    |
[   10.395825] cloud-init[687]: |           o     |
[   10.396248] cloud-init[687]: +----[SHA256]-----+
[   10.396650] cloud-init[687]: Generating public/private ecdsa key pair.
[   10.397216] cloud-init[687]: Your identification has been saved in /etc/ssh/ssh_host_ecdsa_key.
[   10.397911] cloud-init[687]: Your public key has been saved in /etc/ssh/ssh_host_ecdsa_key.pub.
[   10.398607] cloud-init[687]: The key fingerprint is:
[   10.399013] cloud-init[687]: SHA256:nq1M5T01GZ+KCjEc2vH2PQqi/J4NLpaLAXmnsDCBGjo root@ubuntu-bionic
[   10.399733] cloud-init[687]: The key's randomart image is:
[   10.400200] cloud-init[687]: +---[ECDSA 256]---+
[   10.400588] cloud-init[687]: |                 |
[   10.400980] cloud-init[687]: |.                |
[   10.401360] cloud-init[687]: |+      o      .  |
[   10.401770] cloud-init[687]: |oo.   + +      +.|
[   10.402156] cloud-init[687]: |E+ . o =So.   +..|
[   10.402567] cloud-init[687]: |.o= o  .+=..o... |
[   10.402956] cloud-init[687]: | . o  .++.ooo+   |
[   10.403345] cloud-init[687]: |    ++oo*.o ...  |
[   10.403742] cloud-init[687]: |   ..+==oo .     |
[   10.404129] cloud-init[687]: +----[SHA256]-----+
[   10.404521] cloud-init[687]: Generating public/private ed25519 key pair.
[   10.405062] cloud-init[687]: Your identification has been saved in /etc/ssh/ssh_host_ed25519_key.
[   10.405769] cloud-init[687]: Your public key has been saved in /etc/ssh/ssh_host_ed25519_key.pub.
[   10.406475] cloud-init[687]: The key fingerprint is:
[   10.406892] cloud-init[687]: SHA256:74W92Pn+DvevBuvu2TaM0BXew813KM/p2dLhGXzzeWU root@ubuntu-bionic
[   10.407615] cloud-init[687]: The key's randomart image is:
[   10.408095] cloud-init[687]: +--[ED25519 256]--+
[   10.408520] cloud-init[687]: |                 |
[   10.408901] cloud-init[687]: |              .  |
[   10.409281] cloud-init[687]: |             ..=.|
[   10.409675] cloud-init[687]: |            . +o*|
[   10.410068] cloud-init[687]: |        S  . =..+|
[   10.410507] cloud-init[687]: |         ..oo +=E|
[   10.410895] cloud-init[687]: |          o.o*o=@|
[   10.411294] cloud-init[687]: |         . +o=O**|
[   10.411692] cloud-init[687]: |          o+O==*B|
[   10.412127] cloud-init[687]: +----[SHA256]-----+
[[0;32m  OK  [0m] Started Initial cloud-init job (metadata service crawler).
[[0;32m  OK  [0m] Reached target Cloud-config availability.
[[0;32m  OK  [0m] Reached target System Initialization.
         Starting LXD - unix socket.
         Starting Socket activation for snappy daemon.
[[0;32m  OK  [0m] Started ACPI Events Check.
[[0;32m  OK  [0m] Started Discard unused blocks once a week.
[[0;32m  OK  [0m] Started Daily Cleanup of Temporary Directories.
[[0;32m  OK  [0m] Listening on D-Bus System Message Bus Socket.
[[0;32m  OK  [0m] Listening on UUID daemon activation socket.
[[0;32m  OK  [0m] Started Daily apt download activities.
[[0;32m  OK  [0m] Listening on Open-iSCSI iscsid Socket.
[[0;32m  OK  [0m] Started Daily apt upgrade and clean activities.
[[0;32m  OK  [0m] Started Message of the Day.
[[0;32m  OK  [0m] Reached target Timers.
[[0;32m  OK  [0m] Listening on ACPID Listen Socket.
[[0;32m  OK  [0m] Reached target Paths.
[[0;32m  OK  [0m] Reached target Network is Online.
[[0;32m  OK  [0m] Reached target Remote File Systems (Pre).
[[0;32m  OK  [0m] Reached target Remote File Systems.
         Starting Availability of block devices...
[[0;32m  OK  [0m] Listening on LXD - unix socket.
[[0;32m  OK  [0m] Listening on Socket activation for snappy daemon.
[[0;32m  OK  [0m] Reached target Sockets.
[[0;32m  OK  [0m] Reached target Basic System.
         Starting LSB: automatic crash report generation...
[[0;32m  OK  [0m] Started FUSE filesystem for LXC.
         Starting Login Service...
         Starting Dispatcher daemon for systemd-networkd...
         Starting Permit User Sessions...
         Starting Virtualbox guest utils...
         Starting System Logging Service...
         Starting LSB: Record successful boot for GRUB...
         Starting Accounts Service...
[[0;32m  OK  [0m] Started irqbalance daemon.
[[0;32m  OK  [0m] Started Deferred execution scheduler.
[[0;32m  OK  [0m] Started D-Bus System Message Bus.
         Starting Snap Daemon...
[[0;32m  OK  [0m] Started Regular background program processing daemon.
         Starting Pollinate to seed the pseudo random number generator...
         Starting LXD - container startup/shutdown...
[[0;32m  OK  [0m] Started System Logging Service.
[[0;32m  OK  [0m] Started Availability of block devices.
[[0;32m  OK  [0m] Started Permit User Sessions.
[[0;32m  OK  [0m] Started Login Service.
[[0;32m  OK  [0m] Started Unattended Upgrades Shutdown.
         Starting Hold until boot process finishes up...
         Starting Terminate Plymouth Boot Screen...
[[0;32m  OK  [0m] Started Hold until boot process finishes up.
         Starting Set console scheme...
[[0;32m  OK  [0m] Started Serial Getty on ttyS0.
[[0;32m  OK  [0m] Started Terminate Plymouth Boot Screen.
[[0;32m  OK  [0m] Started Set console scheme.
[[0;32m  OK  [0m] Created slice system-getty.slice.
[[0;32m  OK  [0m] Started Getty on tty1.
[[0;32m  OK  [0m] Reached target Login Prompts.
         Starting Authorization Manager...
[[0;32m  OK  [0m] Started LSB: Record successful boot for GRUB.
[[0;32m  OK  [0m] Started LSB: automatic crash report generation.
[[0;32m  OK  [0m] Started Authorization Manager.
[[0;32m  OK  [0m] Started Accounts Service.
[[0;32m  OK  [0m] Started Dispatcher daemon for systemd-networkd.
[[0;32m  OK  [0m] Started LXD - container startup/shutdown.
[[0;32m  OK  [0m] Started Virtualbox guest utils.
[[0;32m  OK  [0m] Started Snap Daemon.
         Starting Wait until snapd is fully seeded...

Ubuntu 18.04.5 LTS ubuntu-bionic ttyS0

ubuntu-bionic login: [   18.644564] cloud-init[1195]: Cloud-init v. 20.4-0ubuntu1~18.04.1 running 'modules:config' at Wed, 06 Jan 2021 09:15:53 +0000. Up 16.59 seconds.
ci-info: no authorized SSH keys fingerprints found for user ubuntu.
<14>Jan  6 09:15:57 ec2: 
<14>Jan  6 09:15:57 ec2: #############################################################
<14>Jan  6 09:15:57 ec2: -----BEGIN SSH HOST KEY FINGERPRINTS-----
<14>Jan  6 09:15:57 ec2: 1024 SHA256:1JREnOo/eVwQXJT517BZ+LTVlKyOUILipNMLP1LM2vk root@ubuntu-bionic (DSA)
<14>Jan  6 09:15:57 ec2: 256 SHA256:nq1M5T01GZ+KCjEc2vH2PQqi/J4NLpaLAXmnsDCBGjo root@ubuntu-bionic (ECDSA)
<14>Jan  6 09:15:57 ec2: 256 SHA256:74W92Pn+DvevBuvu2TaM0BXew813KM/p2dLhGXzzeWU root@ubuntu-bionic (ED25519)
<14>Jan  6 09:15:57 ec2: 2048 SHA256:Iu147Ni19hj1VN9LI156ixjjA44f/tbnGmKYc1+glX8 root@ubuntu-bionic (RSA)
<14>Jan  6 09:15:57 ec2: -----END SSH HOST KEY FINGERPRINTS-----
<14>Jan  6 09:15:57 ec2: #############################################################
-----BEGIN SSH HOST KEY KEYS-----
ecdsa-sha2-nistp256 AAAAE2VjZHNhLXNoYTItbmlzdHAyNTYAAAAIbmlzdHAyNTYAAABBBHDJD1CsqHuh557iCWKiKv4G8GXgjf+7+q8cr23tWr8CRJj3JHCel0zZQp4eG6PcP7PLGAdBJROgBdHn3wTZbkk= root@ubuntu-bionic
ssh-ed25519 AAAAC3NzaC1lZDI1NTE5AAAAILxWGu83rwOhzCH/Atxk0X6/2VcvnGrUR15260/SCF6f root@ubuntu-bionic
ssh-rsa AAAAB3NzaC1yc2EAAAADAQABAAABAQDDGme5tJVignVoZa0Qi0gcLQiVZrNYvT7a/Prr6TZgPthmOzrppAFLPw6Fh6amJH8gN6cQqnvRDKEngagmxTR2Yd1+nksZRwO8bbejyodPFufdhZ30RHHme7IeIKd4m9Oqt0Mkph2GmyV+iuE23ctELO9uen5vow5VCX/hBoE3Psirr4gyP/ju12Itb27H2MLiEmSv93aTnPGoUepm5+ekF52IHEtuRd9ejs1lMRaO19AgggI2IwNnfxTOQeodjGMszSJn0ifdwts09COFE1ouybcYKt3BshazHuEcdJj2THa3dvch+6XzqBGyPKkFqWXWSmXpXKgktn17uwy7HMmF root@ubuntu-bionic
-----END SSH HOST KEY KEYS-----
[   20.077862] cloud-init[1287]: Cloud-init v. 20.4-0ubuntu1~18.04.1 running 'modules:final' at Wed, 06 Jan 2021 09:15:56 +0000. Up 19.78 seconds.
[   20.078278] cloud-init[1287]: ci-info: no authorized SSH keys fingerprints found for user ubuntu.
[   20.078526] cloud-init[1287]: Cloud-init v. 20.4-0ubuntu1~18.04.1 finished at Wed, 06 Jan 2021 09:15:57 +0000. Datasource DataSourceNoCloud [seed=/dev/sdb][dsmode=net].  Up 20.06 seconds
