[    0.000000] Linux version 4.15.0-129-generic (buildd@lcy01-amd64-017) (gcc version 7.5.0 (Ubuntu 7.5.0-3ubuntu1~18.04)) #132-Ubuntu SMP Thu Dec 10 14:02:26 UTC 2020 (Ubuntu 4.15.0-129.132-generic 4.15.18)
[    0.000000] Command line: BOOT_IMAGE=/boot/vmlinuz-4.15.0-129-generic root=LABEL=cloudimg-rootfs ro console=tty1 console=ttyS0
[    0.000000] KERNEL supported cpus:
[    0.000000]   Intel GenuineIntel
[    0.000000]   AMD AuthenticAMD
[    0.000000]   Centaur CentaurHauls
[    0.000000] [Firmware Bug]: TSC doesn't count with P0 frequency!
[    0.000000] x86/fpu: Supporting XSAVE feature 0x001: 'x87 floating point registers'
[    0.000000] x86/fpu: Supporting XSAVE feature 0x002: 'SSE registers'
[    0.000000] x86/fpu: Supporting XSAVE feature 0x004: 'AVX registers'
[    0.000000] x86/fpu: xstate_offset[2]:  576, xstate_sizes[2]:  256
[    0.000000] x86/fpu: Enabled xstate features 0x7, context size is 832 bytes, using 'standard' format.
[    0.000000] e820: BIOS-provided physical RAM map:
[    0.000000] BIOS-e820: [mem 0x0000000000000000-0x000000000009fbff] usable
[    0.000000] BIOS-e820: [mem 0x000000000009fc00-0x000000000009ffff] reserved
[    0.000000] BIOS-e820: [mem 0x00000000000f0000-0x00000000000fffff] reserved
[    0.000000] BIOS-e820: [mem 0x0000000000100000-0x000000003ffeffff] usable
[    0.000000] BIOS-e820: [mem 0x000000003fff0000-0x000000003fffffff] ACPI data
[    0.000000] BIOS-e820: [mem 0x00000000fec00000-0x00000000fec00fff] reserved
[    0.000000] BIOS-e820: [mem 0x00000000fee00000-0x00000000fee00fff] reserved
[    0.000000] BIOS-e820: [mem 0x00000000fffc0000-0x00000000ffffffff] reserved
[    0.000000] NX (Execute Disable) protection: active
[    0.000000] SMBIOS 2.5 present.
[    0.000000] DMI: innotek GmbH VirtualBox/VirtualBox, BIOS VirtualBox 12/01/2006
[    0.000000] Hypervisor detected: KVM
[    0.000000] e820: last_pfn = 0x3fff0 max_arch_pfn = 0x400000000
[    0.000000] MTRR: Disabled
[    0.000000] x86/PAT: MTRRs disabled, skipping PAT initialization too.
[    0.000000] CPU MTRRs all blank - virtualized system.
[    0.000000] x86/PAT: Configuration [0-7]: WB  WT  UC- UC  WB  WT  UC- UC  
[    0.000000] found SMP MP-table at [mem 0x0009fff0-0x0009ffff]
[    0.000000] Scanning 1 areas for low memory corruption
[    0.000000] RAMDISK: [mem 0x35a67000-0x36d2afff]
[    0.000000] ACPI: Early table checksum verification disabled
[    0.000000] ACPI: RSDP 0x00000000000E0000 000024 (v02 VBOX  )
[    0.000000] ACPI: XSDT 0x000000003FFF0030 00003C (v01 VBOX   VBOXXSDT 00000001 ASL  00000061)
[    0.000000] ACPI: FACP 0x000000003FFF00F0 0000F4 (v04 VBOX   VBOXFACP 00000001 ASL  00000061)
[    0.000000] ACPI: DSDT 0x000000003FFF0470 002325 (v02 VBOX   VBOXBIOS 00000002 INTL 20100528)
[    0.000000] ACPI: FACS 0x000000003FFF0200 000040
[    0.000000] ACPI: FACS 0x000000003FFF0200 000040
[    0.000000] ACPI: APIC 0x000000003FFF0240 00005C (v02 VBOX   VBOXAPIC 00000001 ASL  00000061)
[    0.000000] ACPI: SSDT 0x000000003FFF02A0 0001CC (v01 VBOX   VBOXCPUT 00000002 INTL 20100528)
[    0.000000] No NUMA configuration found
[    0.000000] Faking a node at [mem 0x0000000000000000-0x000000003ffeffff]
[    0.000000] NODE_DATA(0) allocated [mem 0x3ffc5000-0x3ffeffff]
[    0.000000] kvm-clock: cpu 0, msr 0:3ff44001, primary cpu clock
[    0.000000] kvm-clock: Using msrs 4b564d01 and 4b564d00
[    0.000000] kvm-clock: using sched offset of 3127847649 cycles
[    0.000000] clocksource: kvm-clock: mask: 0xffffffffffffffff max_cycles: 0x1cd42e4dffb, max_idle_ns: 881590591483 ns
[    0.000000] Zone ranges:
[    0.000000]   DMA      [mem 0x0000000000001000-0x0000000000ffffff]
[    0.000000]   DMA32    [mem 0x0000000001000000-0x000000003ffeffff]
[    0.000000]   Normal   empty
[    0.000000]   Device   empty
[    0.000000] Movable zone start for each node
[    0.000000] Early memory node ranges
[    0.000000]   node   0: [mem 0x0000000000001000-0x000000000009efff]
[    0.000000]   node   0: [mem 0x0000000000100000-0x000000003ffeffff]
[    0.000000] Reserved but unavailable: 98 pages
[    0.000000] Initmem setup node 0 [mem 0x0000000000001000-0x000000003ffeffff]
[    0.000000] ACPI: PM-Timer IO Port: 0x4008
[    0.000000] IOAPIC[0]: apic_id 2, version 32, address 0xfec00000, GSI 0-23
[    0.000000] ACPI: INT_SRC_OVR (bus 0 bus_irq 0 global_irq 2 dfl dfl)
[    0.000000] ACPI: INT_SRC_OVR (bus 0 bus_irq 9 global_irq 9 low level)
[    0.000000] Using ACPI (MADT) for SMP configuration information
[    0.000000] smpboot: Allowing 2 CPUs, 0 hotplug CPUs
[    0.000000] PM: Registered nosave memory: [mem 0x00000000-0x00000fff]
[    0.000000] PM: Registered nosave memory: [mem 0x0009f000-0x0009ffff]
[    0.000000] PM: Registered nosave memory: [mem 0x000a0000-0x000effff]
[    0.000000] PM: Registered nosave memory: [mem 0x000f0000-0x000fffff]
[    0.000000] e820: [mem 0x40000000-0xfebfffff] available for PCI devices
[    0.000000] Booting paravirtualized kernel on KVM
[    0.000000] clocksource: refined-jiffies: mask: 0xffffffff max_cycles: 0xffffffff, max_idle_ns: 7645519600211568 ns
[    0.000000] random: get_random_bytes called from start_kernel+0x99/0x500 with crng_init=0
[    0.000000] setup_percpu: NR_CPUS:8192 nr_cpumask_bits:2 nr_cpu_ids:2 nr_node_ids:1
[    0.000000] percpu: Embedded 45 pages/cpu s147456 r8192 d28672 u1048576
[    0.000000] PV qspinlock hash table entries: 256 (order: 0, 4096 bytes)
[    0.000000] Built 1 zonelists, mobility grouping on.  Total pages: 257913
[    0.000000] Policy zone: DMA32
[    0.000000] Kernel command line: BOOT_IMAGE=/boot/vmlinuz-4.15.0-129-generic root=LABEL=cloudimg-rootfs ro console=tty1 console=ttyS0
[    0.000000] Memory: 983028K/1048120K available (12300K kernel code, 2482K rwdata, 4276K rodata, 2440K init, 2724K bss, 65092K reserved, 0K cma-reserved)
[    0.000000] SLUB: HWalign=64, Order=0-3, MinObjects=0, CPUs=2, Nodes=1
[    0.000000] ftrace: allocating 39421 entries in 154 pages
[    0.004000] Hierarchical RCU implementation.
[    0.004000] 	RCU restricting CPUs from NR_CPUS=8192 to nr_cpu_ids=2.
[    0.004000] 	Tasks RCU enabled.
[    0.004000] RCU: Adjusting geometry for rcu_fanout_leaf=16, nr_cpu_ids=2
[    0.004000] NR_IRQS: 524544, nr_irqs: 440, preallocated irqs: 16
[    0.004000] Console: colour VGA+ 80x25
[    0.004000] console [tty1] enabled
[    0.004000] console [ttyS0] enabled
[    0.004000] ACPI: Core revision 20170831
[    0.004000] ACPI: 2 ACPI AML tables successfully acquired and loaded
[    0.004000] APIC: Switch to symmetric I/O mode setup
[    0.004000] x2apic enabled
[    0.004000] Switched APIC routing to physical x2apic.
[    0.004000] ..TIMER: vector=0x30 apic1=0 pin1=2 apic2=-1 pin2=-1
[    0.004000] tsc: Detected 3593.248 MHz processor
[    0.004000] Calibrating delay loop (skipped) preset value.. 7186.49 BogoMIPS (lpj=14372992)
[    0.004000] pid_max: default: 32768 minimum: 301
[    0.004000] Security Framework initialized
[    0.004000] Yama: becoming mindful.
[    0.004000] AppArmor: AppArmor initialized
[    0.004000] Dentry cache hash table entries: 131072 (order: 8, 1048576 bytes)
[    0.004000] Inode-cache hash table entries: 65536 (order: 7, 524288 bytes)
[    0.004000] Mount-cache hash table entries: 2048 (order: 2, 16384 bytes)
[    0.004000] Mountpoint-cache hash table entries: 2048 (order: 2, 16384 bytes)
[    0.004000] Last level iTLB entries: 4KB 1024, 2MB 1024, 4MB 512
[    0.004000] Last level dTLB entries: 4KB 2048, 2MB 2048, 4MB 1024, 1GB 0
[    0.004000] Spectre V1 : Mitigation: usercopy/swapgs barriers and __user pointer sanitization
[    0.004000] Spectre V2 : Spectre mitigation: LFENCE not serializing, switching to generic retpoline
[    0.004000] Spectre V2 : Mitigation: Full generic retpoline
[    0.004000] Spectre V2 : Spectre v2 / SpectreRSB mitigation: Filling RSB on context switch
[    0.004000] Speculative Store Bypass: Mitigation: Speculative Store Bypass disabled via prctl and seccomp
[    0.004000] Freeing SMP alternatives memory: 36K
[    0.116422] APIC calibration not consistent with PM-Timer: 106ms instead of 100ms
[    0.117240] APIC delta adjusted to PM-Timer: 6385279 (6778310)
[    0.117907] smpboot: CPU0: AMD Ryzen 7 3700X 8-Core Processor (family: 0x17, model: 0x71, stepping: 0x0)
[    0.118968] Performance Events: PMU not available due to virtualization, using software events only.
[    0.119989] Hierarchical SRCU implementation.
[    0.120000] NMI watchdog: Perf event create on CPU 0 failed with -2
[    0.120000] NMI watchdog: Perf NMI watchdog permanently disabled
[    0.120021] smp: Bringing up secondary CPUs ...
[    0.120576] x86: Booting SMP configuration:
[    0.121052] .... node  #0, CPUs:      #1
[    0.004000] kvm-clock: cpu 1, msr 0:3ff44041, secondary cpu clock
[    0.124017] smp: Brought up 1 node, 2 CPUs
[    0.124487] smpboot: Max logical packages: 1
[    0.124968] smpboot: Total of 2 processors activated (14372.99 BogoMIPS)
[    0.125755] devtmpfs: initialized
[    0.125755] x86/mm: Memory block size: 128MB
[    0.125755] evm: security.selinux
[    0.125755] evm: security.SMACK64
[    0.128006] evm: security.SMACK64EXEC
[    0.128421] evm: security.SMACK64TRANSMUTE
[    0.128882] evm: security.SMACK64MMAP
[    0.129303] evm: security.apparmor
[    0.129700] evm: security.ima
[    0.130053] evm: security.capability
[    0.130484] clocksource: jiffies: mask: 0xffffffff max_cycles: 0xffffffff, max_idle_ns: 7645041785100000 ns
[    0.130484] futex hash table entries: 512 (order: 3, 32768 bytes)
[    0.132607] pinctrl core: initialized pinctrl subsystem
[    0.133228] RTC time:  8:35:27, date: 01/06/21
[    0.133841] NET: Registered protocol family 16
[    0.134393] audit: initializing netlink subsys (disabled)
[    0.134998] audit: type=2000 audit(1609922132.310:1): state=initialized audit_enabled=0 res=1
[    0.134998] cpuidle: using governor ladder
[    0.136007] cpuidle: using governor menu
[    0.136574] ACPI: bus type PCI registered
[    0.136574] acpiphp: ACPI Hot Plug PCI Controller Driver version: 0.5
[    0.137176] PCI: Using configuration type 1 for base access
[    0.137737] PCI: Using configuration type 1 for extended access
[    0.138361] HugeTLB registered 2.00 MiB page size, pre-allocated 0 pages
[    0.140041] ACPI: Added _OSI(Module Device)
[    0.140486] ACPI: Added _OSI(Processor Device)
[    0.140948] ACPI: Added _OSI(3.0 _SCP Extensions)
[    0.141434] ACPI: Added _OSI(Processor Aggregator Device)
[    0.141981] ACPI: Added _OSI(Linux-Dell-Video)
[    0.142444] ACPI: Added _OSI(Linux-Lenovo-NV-HDMI-Audio)
[    0.142982] ACPI: Added _OSI(Linux-HPI-Hybrid-Graphics)
[    0.144132] ACPI: Executed 1 blocks of module-level executable AML code
[    0.146858] ACPI: Interpreter enabled
[    0.147377] ACPI: (supports S0 S5)
[    0.147768] ACPI: Using IOAPIC for interrupt routing
[    0.148161] PCI: Using host bridge windows from ACPI; if necessary, use "pci=nocrs" and report a bug
[    0.149216] ACPI: Enabled 2 GPEs in block 00 to 07
[    0.153255] ACPI: PCI Root Bridge [PCI0] (domain 0000 [bus 00-ff])
[    0.153896] acpi PNP0A03:00: _OSC: OS supports [ExtendedConfig ASPM ClockPM Segments MSI]
[    0.155376] acpi PNP0A03:00: _OSC: platform does not support [PCIeCapability]
[    0.156000] acpi PNP0A03:00: _OSC: not requesting control; platform does not support [PCIeCapability]
[    0.156002] acpi PNP0A03:00: _OSC: OS requested [PCIeHotplug PME AER PCIeCapability]
[    0.156850] acpi PNP0A03:00: _OSC: platform willing to grant [PCIeHotplug PME AER]
[    0.157683] acpi PNP0A03:00: _OSC failed (AE_SUPPORT); disabling ASPM
[    0.160216] PCI host bridge to bus 0000:00
[    0.161054] pci_bus 0000:00: root bus resource [io  0x0000-0x0cf7 window]
[    0.161761] pci_bus 0000:00: root bus resource [io  0x0d00-0xffff window]
[    0.162469] pci_bus 0000:00: root bus resource [mem 0x000a0000-0x000bffff window]
[    0.163272] pci_bus 0000:00: root bus resource [mem 0x40000000-0xfdffffff window]
[    0.164000] pci_bus 0000:00: root bus resource [bus 00-ff]
[    0.165237] pci 0000:00:01.1: legacy IDE quirk: reg 0x10: [io  0x01f0-0x01f7]
[    0.165974] pci 0000:00:01.1: legacy IDE quirk: reg 0x14: [io  0x03f6]
[    0.166649] pci 0000:00:01.1: legacy IDE quirk: reg 0x18: [io  0x0170-0x0177]
[    0.167393] pci 0000:00:01.1: legacy IDE quirk: reg 0x1c: [io  0x0376]
[    0.173739] pci 0000:00:07.0: quirk: [io  0x4000-0x403f] claimed by PIIX4 ACPI
[    0.174475] pci 0000:00:07.0: quirk: [io  0x4100-0x410f] claimed by PIIX4 SMB
[    0.178394] ACPI: PCI Interrupt Link [LNKA] (IRQs 5 9 10 *11)
[    0.179200] ACPI: PCI Interrupt Link [LNKB] (IRQs 5 9 *10 11)
[    0.179844] ACPI: PCI Interrupt Link [LNKC] (IRQs 5 *9 10 11)
[    0.180065] ACPI: PCI Interrupt Link [LNKD] (IRQs 5 9 10 *11)
[    0.180825] SCSI subsystem initialized
[    0.181241] pci 0000:00:02.0: vgaarb: setting as boot VGA device
[    0.181241] pci 0000:00:02.0: vgaarb: VGA device added: decodes=io+mem,owns=io+mem,locks=none
[    0.181452] pci 0000:00:02.0: vgaarb: bridge control possible
[    0.182019] vgaarb: loaded
[    0.182352] ACPI: bus type USB registered
[    0.184013] usbcore: registered new interface driver usbfs
[    0.184567] usbcore: registered new interface driver hub
[    0.185106] usbcore: registered new device driver usb
[    0.185645] EDAC MC: Ver: 3.0.0
[    0.185645] PCI: Using ACPI for IRQ routing
[    0.185645] NetLabel: Initializing
[    0.185645] NetLabel:  domain hash size = 128
[    0.185645] NetLabel:  protocols = UNLABELED CIPSOv4 CALIPSO
[    0.188015] NetLabel:  unlabeled traffic allowed by default
[    0.188628] clocksource: Switched to clocksource kvm-clock
[    0.196606] VFS: Disk quotas dquot_6.6.0
[    0.197115] VFS: Dquot-cache hash table entries: 512 (order 0, 4096 bytes)
[    0.197918] AppArmor: AppArmor Filesystem Enabled
[    0.198468] pnp: PnP ACPI init
[    0.199456] pnp: PnP ACPI: found 3 devices
[    0.206990] clocksource: acpi_pm: mask: 0xffffff max_cycles: 0xffffff, max_idle_ns: 2085701024 ns
[    0.207950] NET: Registered protocol family 2
[    0.208538] TCP established hash table entries: 8192 (order: 4, 65536 bytes)
[    0.209304] TCP bind hash table entries: 8192 (order: 5, 131072 bytes)
[    0.210680] TCP: Hash tables configured (established 8192 bind 8192)
[    0.211361] UDP hash table entries: 512 (order: 2, 16384 bytes)
[    0.211995] UDP-Lite hash table entries: 512 (order: 2, 16384 bytes)
[    0.212720] NET: Registered protocol family 1
[    0.213207] pci 0000:00:00.0: Limiting direct PCI/PCI transfers
[    0.213849] pci 0000:00:01.0: Activating ISA DMA hang workarounds
[    0.214528] pci 0000:00:02.0: Video device with shadowed ROM at [mem 0x000c0000-0x000dffff]
[    0.215483] Unpacking initramfs...
[    0.416017] Freeing initrd memory: 19216K
[    0.416603] clocksource: tsc: mask: 0xffffffffffffffff max_cycles: 0x33cb68e6ea4, max_idle_ns: 440795288133 ns
[    0.417711] platform rtc_cmos: registered platform RTC device (no PNP device found)
[    0.418576] Scanning for low memory corruption every 60 seconds
[    0.419728] Initialise system trusted keyrings
[    0.420211] Key type blacklist registered
[    0.420713] workingset: timestamp_bits=36 max_order=18 bucket_order=0
[    0.421951] zbud: loaded
[    0.422577] squashfs: version 4.0 (2009/01/31) Phillip Lougher
[    0.423295] fuse init (API version 7.26)
[    0.425464] Key type asymmetric registered
[    0.425895] Asymmetric key parser 'x509' registered
[    0.426404] Block layer SCSI generic (bsg) driver version 0.4 loaded (major 246)
[    0.427195] io scheduler noop registered
[    0.427613] io scheduler deadline registered
[    0.428068] io scheduler cfq registered (default)
[    0.428724] ACPI: AC Adapter [AC] (on-line)
[    0.429186] input: Power Button as /devices/LNXSYSTM:00/LNXPWRBN:00/input/input0
[    0.429958] ACPI: Power Button [PWRF]
[    0.430382] input: Sleep Button as /devices/LNXSYSTM:00/LNXSLPBN:00/input/input1
[    0.431135] ACPI: Sleep Button [SLPF]
[    0.431693] Serial: 8250/16550 driver, 32 ports, IRQ sharing enabled
[    0.452707] 00:02: ttyS0 at I/O 0x3f8 (irq = 4, base_baud = 115200) is a 16550A
[    0.454852] Linux agpgart interface v0.103
[    0.456196] loop: module loaded
[    0.456853] scsi host0: ata_piix
[    0.457290] scsi host1: ata_piix
[    0.457657] ata1: PATA max UDMA/33 cmd 0x1f0 ctl 0x3f6 bmdma 0xd000 irq 14
[    0.458326] ata2: PATA max UDMA/33 cmd 0x170 ctl 0x376 bmdma 0xd008 irq 15
[    0.459031] libphy: Fixed MDIO Bus: probed
[    0.459459] tun: Universal TUN/TAP device driver, 1.6
[    0.460000] PPP generic driver version 2.4.2
[    0.460491] ehci_hcd: USB 2.0 'Enhanced' Host Controller (EHCI) Driver
[    0.461136] ehci-pci: EHCI PCI platform driver
[    0.461596] ehci-platform: EHCI generic platform driver
[    0.462126] ohci_hcd: USB 1.1 'Open' Host Controller (OHCI) Driver
[    0.462747] ohci-pci: OHCI PCI platform driver
[    0.463213] ohci-platform: OHCI generic platform driver
[    0.463744] uhci_hcd: USB Universal Host Controller Interface driver
[    0.464394] i8042: PNP: PS/2 Controller [PNP0303:PS2K,PNP0f03:PS2M] at 0x60,0x64 irq 1,12
[    0.465564] serio: i8042 KBD port at 0x60,0x64 irq 1
[    0.466088] serio: i8042 AUX port at 0x60,0x64 irq 12
[    0.466724] mousedev: PS/2 mouse device common for all mice
[    0.467625] input: AT Translated Set 2 keyboard as /devices/platform/i8042/serio0/input/input2
[    0.468614] rtc_cmos rtc_cmos: rtc core: registered rtc_cmos as rtc0
[    0.469303] rtc_cmos rtc_cmos: alarms up to one day, 114 bytes nvram
[    0.469951] i2c /dev entries driver
[    0.470351] device-mapper: uevent: version 1.0.3
[    0.470880] device-mapper: ioctl: 4.37.0-ioctl (2017-09-20) initialised: dm-devel@redhat.com
[    0.471770] ledtrig-cpu: registered to indicate activity on CPUs
[    0.472603] NET: Registered protocol family 10
[    0.474827] Segment Routing with IPv6
[    0.475228] NET: Registered protocol family 17
[    0.475727] Key type dns_resolver registered
[    0.476271] mce: Using 0 MCE banks
[    0.476642] RAS: Correctable Errors collector initialized.
[    0.477194] sched_clock: Marking stable (476251282, 0)->(579832670, -103581388)
[    0.478143] registered taskstats version 1
[    0.478576] Loading compiled-in X.509 certificates
[    0.480158] Loaded X.509 cert 'Build time autogenerated kernel key: c0b12e93431a85da2633d00ac393f61630080db8'
[    0.481145] zswap: loaded using pool lzo/zbud
[    0.483125] Key type big_key registered
[    0.483537] Key type trusted registered
[    0.484703] Key type encrypted registered
[    0.485138] AppArmor: AppArmor sha1 policy hashing enabled
[    0.485704] ima: No TPM chip found, activating TPM-bypass! (rc=-19)
[    0.486339] ima: Allocated hash algorithm: sha1
[    0.486828] evm: HMAC attrs: 0x1
[    0.487338]   Magic number: 5:295:573
[    0.487791] rtc_cmos rtc_cmos: setting system clock to 2021-01-06 08:35:27 UTC (1609922127)
[    0.489185] BIOS EDD facility v0.16 2004-Jun-25, 0 devices found
[    0.489834] EDD information not available.
[    0.640602] Freeing unused kernel image memory: 2440K
[    0.655452] Write protecting the kernel read-only data: 20480k
[    0.656503] Freeing unused kernel image memory: 2008K
[    0.657206] Freeing unused kernel image memory: 1868K
[    0.662973] x86/mm: Checked W+X mappings: passed, no W+X pages found.
Loading, please wait...
starting version 237
[    0.694851] Fusion MPT base driver 3.04.20
[    0.695339] Copyright (c) 1999-2008 LSI Corporation
[    0.696786] e1000: Intel(R) PRO/1000 Network Driver - version 7.3.21-k8-NAPI
[    0.697557] e1000: Copyright (c) 1999-2006 Intel Corporation.
[    0.700265] Fusion MPT SPI Host driver 3.04.20
[    0.715104] AVX2 version of gcm_enc/dec engaged.
[    0.715607] AES CTR mode by8 optimization enabled
[    0.926401] input: ImExPS/2 Generic Explorer Mouse as /devices/platform/i8042/serio1/input/input4
[    1.127194] e1000 0000:00:03.0 eth0: (PCI:33MHz:32-bit) 02:32:ba:d6:6d:1a
[    1.128045] e1000 0000:00:03.0 eth0: Intel(R) PRO/1000 Network Connection
[    1.771310] e1000 0000:00:08.0 eth1: (PCI:33MHz:32-bit) 08:00:27:ce:cf:82
[    1.772078] e1000 0000:00:08.0 eth1: Intel(R) PRO/1000 Network Connection
[    1.773429] mptbase: ioc0: Initiating bringup
[    1.773761] e1000 0000:00:03.0 enp0s3: renamed from eth0
[    1.838277] e1000 0000:00:08.0 enp0s8: renamed from eth1
[    1.876176] ioc0: LSI53C1030 A0: Capabilities={Initiator}
[    2.117240] scsi host2: ioc0: LSI53C1030 A0, FwRev=00000000h, Ports=1, MaxQ=256, IRQ=20
[    3.600542] scsi 2:0:0:0: Direct-Access     VBOX     HARDDISK         1.0  PQ: 0 ANSI: 5
[    3.736077] scsi target2:0:0: Beginning Domain Validation
[    3.737267] scsi target2:0:0: Domain Validation skipping write tests
[    3.737900] scsi target2:0:0: Ending Domain Validation
[    3.738457] scsi target2:0:0: asynchronous
[    3.739097] scsi 2:0:1:0: Direct-Access     VBOX     HARDDISK         1.0  PQ: 0 ANSI: 5
[    3.784011] scsi target2:0:1: Beginning Domain Validation
[    3.785137] scsi target2:0:1: Domain Validation skipping write tests
[    3.785763] scsi target2:0:1: Ending Domain Validation
[    3.786321] scsi target2:0:1: asynchronous
[    3.786783] random: fast init done
[    3.788964] random: systemd-udevd: uninitialized urandom read (16 bytes read)
[    3.789725] random: systemd-udevd: uninitialized urandom read (16 bytes read)
[    3.789742] sd 2:0:0:0: Attached scsi generic sg0 type 0
[    3.790438] random: systemd-udevd: uninitialized urandom read (16 bytes read)
[    3.791896] sd 2:0:0:0: [sda] 20971520 512-byte logical blocks: (10.7 GB/10.0 GiB)
[    3.791900] sd 2:0:1:0: Attached scsi generic sg1 type 0
[    3.793608] sd 2:0:0:0: [sda] Write Protect is off
[    3.793662] sd 2:0:1:0: [sdb] 20480 512-byte logical blocks: (10.5 MB/10.0 MiB)
[    3.794876] sd 2:0:1:0: [sdb] Write Protect is off
[    3.795387] sd 2:0:0:0: [sda] Incomplete mode parameter data
[    3.795434] sd 2:0:1:0: [sdb] Incomplete mode parameter data
[    3.795955] sd 2:0:0:0: [sda] Assuming drive cache: write through
[    3.796515] sd 2:0:1:0: [sdb] Assuming drive cache: write through
[    3.798808]  sda: sda1
[    3.799447] sd 2:0:0:0: [sda] Attached SCSI disk
[    3.800017] sd 2:0:1:0: [sdb] Attached SCSI disk
Begin: Loading essential drivers ... [    5.120655] raid6: sse2x1   gen()  9386 MB/s
[    5.168535] raid6: sse2x1   xor()  8642 MB/s
[    5.216416] raid6: sse2x2   gen() 18201 MB/s
[    5.264294] raid6: sse2x2   xor() 12046 MB/s
[    5.312199] raid6: sse2x4   gen() 18838 MB/s
[    5.360056] raid6: sse2x4   xor() 10943 MB/s
[    5.408912] raid6: avx2x1   gen() 20638 MB/s
[    5.457766] raid6: avx2x1   xor() 17153 MB/s
[    5.504668] raid6: avx2x2   gen() 36470 MB/s
[    5.552549] raid6: avx2x2   xor() 22361 MB/s
[    5.601408] raid6: avx2x4   gen() 38666 MB/s
[    5.648309] raid6: avx2x4   xor() 18319 MB/s
[    5.648800] raid6: using algorithm avx2x4 gen() 38666 MB/s
[    5.649397] raid6: .... xor() 18319 MB/s, rmw enabled
[    5.649960] raid6: using avx2x2 recovery algorithm
[    5.651218] xor: automatically using best checksumming function   avx       
[    5.652530] async_tx: api initialized (async)
done.
Begin: Running /scripts/init-premount ... done.
Begin: Mounting root file system ... Begin: Running /scripts/local-top ... done.
Begin: Running /scripts/local-premount ... [    5.678672] Btrfs loaded, crc32c=crc32c-intel
Scanning for Btrfs filesystems
done.
Warning: fsck not present, so skipping root file system
[    5.697921] EXT4-fs (sda1): mounted filesystem with ordered data mode. Opts: (null)
done.
Begin: Running /scripts/local-bottom ... done.
Begin: Running /scripts/init-bottom ... done.
[    5.848528] ip_tables: (C) 2000-2006 Netfilter Core Team
[    5.857485] systemd[1]: systemd 237 running in system mode. (+PAM +AUDIT +SELINUX +IMA +APPARMOR +SMACK +SYSVINIT +UTMP +LIBCRYPTSETUP +GCRYPT +GNUTLS +ACL +XZ +LZ4 +SECCOMP +BLKID +ELFUTILS +KMOD -IDN2 +IDN -PCRE2 default-hierarchy=hybrid)
[    5.859509] systemd[1]: Detected virtualization oracle.
[    5.860031] systemd[1]: Detected architecture x86-64.

Welcome to [1mUbuntu 18.04.5 LTS[0m!

[    5.864208] systemd[1]: Set hostname to <ubuntu-bionic>.
[    6.079666] systemd[1]: Reached target Swap.
[[0;32m  OK  [0m] Reached target Swap.
[    6.080438] systemd[1]: Reached target User and Group Name Lookups.
[[0;32m  OK  [0m] Reached target User and Group Name Lookups.
[    6.082236] systemd[1]: Created slice System Slice.
[[0;32m  OK  [0m] Created slice System Slice.
[    6.083064] systemd[1]: Listening on LVM2 metadata daemon socket.
[[0;32m  OK  [0m] Listening on LVM2 metadata daemon socket.
[    6.084092] systemd[1]: Listening on Journal Socket (/dev/log).
[[0;32m  OK  [0m] Listening on Journal Socket (/dev/log).
[    6.085024] systemd[1]: Listening on udev Control Socket.
[[0;32m  OK  [0m] Listening on udev Control Socket.
[[0;32m  OK  [0m] Listening on LVM2 poll daemon socket.
[[0;32m  OK  [0m] Listening on Network Service Netlink Socket.
[[0;32m  OK  [0m] Listening on Device-mapper event daemon FIFOs.
[[0;32m  OK  [0m] Reached target System Time Synchronized.
[[0;32m  OK  [0m] Created slice User and Session Slice.
[[0;32m  OK  [0m] Reached target Slices.
[[0;32m  OK  [0m] Listening on Journal Socket.
         Mounting Huge Pages File System...
         Starting Set the console keyboard layout...
         Starting Load Kernel Modules...
         Starting Create list of required stâ€¦ce nodes for the current kernel...
         Mounting Kernel Debug File System...
         Starting Uncomplicated firewall...
         Starting Remount Root and Kernel File Systems...
         Starting Monitoring of LVM2 mirrorsâ€¦ng dmeventd or progress polling...
[[0;32m  OK  [0m] Listening on /dev/initctl Compatibility Named Pipe.
[[0;32m  OK  [0m] Listening on Syslog Socket.
[[0;32m  OK  [0m] Started Forward Password Requests to Wall Directory Watch.
[[0;32m  OK  [0m] Listening on Journal Audit Socket.
         Starting Journal Service...
[[0;32m  OK  [0m] Created slice system-serial\x2dgetty.slice.
[[0;32m  OK  [0m] Set up automount Arbitrary Executabâ€¦rmats File System Automount Point.
[    6.106375] Loading iSCSI transport class v2.0-870.
[    6.110039] iscsi: registered transport (tcp)
[    6.120661] iscsi: registered transport (iser)
[[0;32m  OK  [0m] Listening on udev Kernel Socket.
         Starting udev Coldplug all Devices...
         Mounting POSIX Message Queue File System...
[[0;32m  OK  [0m] Mounted Huge Pages File System.
[[0;32m  OK  [0m] Started Load Kernel Modules.
[[0;32m  OK  [0m] Started Create list of required staâ€¦vice nodes for the current kernel.
[[0;32m  OK  [0m] Mounted Kernel Debug File System.
[[0;32m  OK  [0m] Started Uncomplicated firewall.
[[0;32m  OK  [0m] Mounted POSIX Message Queue File System.
[    6.176833] EXT4-fs (sda1): re-mounted. Opts: (null)
         Starting Create Static Device Nodes in /dev...
         Starting Apply Kernel Variables...
         Mounting FUSE Control File System...
         Mounting Kernel Configuration File System...
[[0;32m  OK  [0m] Started Journal Service.
[[0;32m  OK  [0m] Started Remount Root and Kernel File Systems.
[[0;32m  OK  [0m] Mounted FUSE Control File System.
[[0;32m  OK  [0m] Mounted Kernel Configuration File System.
         Starting Load/Save Random Seed...
         Starting Flush Journal to Persistent Storage...
[[0;32m  OK  [0m] Started udev Coldplug all Devices.
[[0;32m  OK  [0m] Started LVM2 metadata daemon.
[[0;32m  OK  [0m] Started Create Static Device Nodes in /dev.
         Starting udev Kernel Device Manager...
[[0;32m  OK  [0m] Started Load/Save Random Seed.
[[0;32m  OK  [0m] Started Apply Kernel Variables.
[[0;32m  OK  [0m] Started udev Kernel Device Manager.
[[0;32m  OK  [0m] Started Monitoring of LVM2 mirrors,â€¦sing dmeventd or progress polling.
[[0;32m  OK  [0m] Started Set the console keyboard layout.
[[0;32m  OK  [0m] Reached target Local File Systems (Pre).
         Mounting /vagrant...
[[0;32m  OK  [0m] Reached target Local File Systems.
         Starting AppArmor initialization...
         Starting ebtables ruleset management...
         Starting Tell Plymouth To Write Out Runtime Data...
         Starting Set console font and keymap...
[[0;32m  OK  [0m] Started Dispatch Password Requests to Console Directory Watch.
[[0;32m  OK  [0m] Reached target Local Encrypted Volumes.
[[0;32m  OK  [0m] Started Set console font and keymap.
[[0;32m  OK  [0m] Started Flush Journal to Persistent Storage.
         Starting Create Volatile Files and Directories...
[[0;32m  OK  [0m] Started Tell Plymouth To Write Out Runtime Data.
[[0;32m  OK  [0m] Mounted /vagrant.
[[0;32m  OK  [0m] Started Create Volatile Files and Directories.
         Starting Update UTMP about System Boot/Shutdown...
[[0;32m  OK  [0m] Started Update UTMP about System Boot/Shutdown.
[[0;32m  OK  [0m] Found device /dev/ttyS0.
[[0;32m  OK  [0m] Started ebtables ruleset management.
[[0;32m  OK  [0m] Listening on Load/Save RF Kill Switch Status /dev/rfkill Watch.
[[0;32m  OK  [0m] Started AppArmor initialization.
         Starting Initial cloud-init job (pre-networking)...
         Starting Load AppArmor profiles managed internally by snapd...
[[0;32m  OK  [0m] Started Load AppArmor profiles managed internally by snapd.
[    7.406478] cloud-init[564]: Cloud-init v. 20.4-0ubuntu1~18.04.1 running 'init-local' at Wed, 06 Jan 2021 08:35:34 +0000. Up 7.28 seconds.
[[0;32m  OK  [0m] Started Initial cloud-init job (pre-networking).
[[0;32m  OK  [0m] Reached target Network (Pre).
         Starting Network Service...
[[0;32m  OK  [0m] Started Network Service.
         Starting Network Name Resolution...
         Starting Wait for Network to be Configured...
[[0;32m  OK  [0m] Started Network Name Resolution.
[[0;32m  OK  [0m] Reached target Host and Network Name Lookups.
[[0;32m  OK  [0m] Reached target Network.
[[0;32m  OK  [0m] Started Wait for Network to be Configured.
         Starting Initial cloud-init job (metadata service crawler)...
[    9.332596] cloud-init[685]: Cloud-init v. 20.4-0ubuntu1~18.04.1 running 'init' at Wed, 06 Jan 2021 08:35:36 +0000. Up 9.25 seconds.
[    9.333568] cloud-init[685]: ci-info: ++++++++++++++++++++++++++++++++++++++Net device info+++++++++++++++++++++++++++++++++++++++
[    9.334449] cloud-init[685]: ci-info: +--------+------+-----------------------------+---------------+--------+-------------------+
[    9.335321] cloud-init[685]: ci-info: | Device |  Up  |           Address           |      Mask     | Scope  |     Hw-Address    |
[    9.336371] cloud-init[685]: ci-info: +--------+------+-----------------------------+---------------+--------+-------------------+
[    9.337226] cloud-init[685]: ci-info: | enp0s3 | True |          10.0.2.15          | 255.255.255.0 | global | 02:32:ba:d6:6d:1a |
[    9.338135] cloud-init[685]: ci-info: | enp0s3 | True |  fe80::32:baff:fed6:6d1a/64 |       .       |  link  | 02:32:ba:d6:6d:1a |
[    9.339001] cloud-init[685]: ci-info: | enp0s8 | True |         192.168.0.7         | 255.255.255.0 | global | 08:00:27:ce:cf:82 |
[    9.339818] cloud-init[685]: ci-info: | enp0s8 | True | fe80::a00:27ff:fece:cf82/64 |       .       |  link  | 08:00:27:ce:cf:82 |
[    9.340617] cloud-init[685]: ci-info: |   lo   | True |          127.0.0.1          |   255.0.0.0   |  host  |         .         |
[    9.341460] cloud-init[685]: ci-info: |   lo   | True |           ::1/128           |       .       |  host  |         .         |
[    9.342323] cloud-init[685]: ci-info: +--------+------+-----------------------------+---------------+--------+-------------------+
[    9.343154] cloud-init[685]: ci-info: ++++++++++++++++++++++++++++++Route IPv4 info++++++++++++++++++++++++++++++
[    9.343915] cloud-init[685]: ci-info: +-------+-------------+-------------+-----------------+-----------+-------+
[    9.344693] cloud-init[685]: ci-info: | Route | Destination |   Gateway   |     Genmask     | Interface | Flags |
[    9.345464] cloud-init[685]: ci-info: +-------+-------------+-------------+-----------------+-----------+-------+
[    9.346216] cloud-init[685]: ci-info: |   0   |   0.0.0.0   |   10.0.2.2  |     0.0.0.0     |   enp0s3  |   UG  |
[    9.347049] cloud-init[685]: ci-info: |   1   |   0.0.0.0   | 192.168.0.1 |     0.0.0.0     |   enp0s8  |   UG  |
[    9.347847] cloud-init[685]: ci-info: |   2   |   10.0.2.0  |   0.0.0.0   |  255.255.255.0  |   enp0s3  |   U   |
[    9.348855] cloud-init[685]: ci-info: |   3   |   10.0.2.2  |   0.0.0.0   | 255.255.255.255 |   enp0s3  |   UH  |
[    9.349634] cloud-init[685]: ci-info: |   4   | 192.168.0.0 |   0.0.0.0   |  255.255.255.0  |   enp0s8  |   U   |
[    9.351151] cloud-init[685]: ci-info: |   5   | 192.168.0.1 |   0.0.0.0   | 255.255.255.255 |   enp0s8  |   UH  |
[    9.351915] cloud-init[685]: ci-info: +-------+-------------+-------------+-----------------+-----------+-------+
[    9.352737] cloud-init[685]: ci-info: +++++++++++++++++++Route IPv6 info+++++++++++++++++++
[    9.353393] cloud-init[685]: ci-info: +-------+-------------+---------+-----------+-------+
[    9.354058] cloud-init[685]: ci-info: | Route | Destination | Gateway | Interface | Flags |
[    9.354717] cloud-init[685]: ci-info: +-------+-------------+---------+-----------+-------+
[    9.355354] cloud-init[685]: ci-info: |   1   |  fe80::/64  |    ::   |   enp0s3  |   U   |
[    9.356022] cloud-init[685]: ci-info: |   2   |  fe80::/64  |    ::   |   enp0s8  |   U   |
[    9.356674] cloud-init[685]: ci-info: |   4   |    local    |    ::   |   enp0s3  |   U   |
[    9.357353] cloud-init[685]: ci-info: |   5   |    local    |    ::   |   enp0s8  |   U   |
[    9.358000] cloud-init[685]: ci-info: |   6   |   ff00::/8  |    ::   |   enp0s3  |   U   |
[    9.359099] cloud-init[685]: ci-info: |   7   |   ff00::/8  |    ::   |   enp0s8  |   U   |
[    9.359763] cloud-init[685]: ci-info: +-------+-------------+---------+-----------+-------+
[[0;32m  OK  [0m] Started Initial cloud-init job (metadata service crawler).
[[0;32m  OK  [0m] Reached target System Initialization.
[[0;32m  OK  [0m] Started Discard unused blocks once a week.
[[0;32m  OK  [0m] Listening on ACPID Listen Socket.
[[0;32m  OK  [0m] Listening on D-Bus System Message Bus Socket.
[[0;32m  OK  [0m] Listening on Open-iSCSI iscsid Socket.
         Starting LXD - unix socket.
[[0;32m  OK  [0m] Started Message of the Day.
[[0;32m  OK  [0m] Started Daily Cleanup of Temporary Directories.
[[0;32m  OK  [0m] Listening on UUID daemon activation socket.
[[0;32m  OK  [0m] Started Daily apt download activities.
[[0;32m  OK  [0m] Started Daily apt upgrade and clean activities.
[[0;32m  OK  [0m] Reached target Timers.
         Starting Socket activation for snappy daemon.
[[0;32m  OK  [0m] Started ACPI Events Check.
[[0;32m  OK  [0m] Reached target Paths.
[[0;32m  OK  [0m] Reached target Cloud-config availability.
[[0;32m  OK  [0m] Reached target Network is Online.
         Starting Availability of block devices...
[[0;32m  OK  [0m] Reached target Remote File Systems (Pre).
[[0;32m  OK  [0m] Reached target Remote File Systems.
[[0;32m  OK  [0m] Listening on LXD - unix socket.
[[0;32m  OK  [0m] Listening on Socket activation for snappy daemon.
[[0;32m  OK  [0m] Reached target Sockets.
[[0;32m  OK  [0m] Reached target Basic System.
         Starting Dispatcher daemon for systemd-networkd...
[[0;32m  OK  [0m] Started Regular background program processing daemon.
[[0;32m  OK  [0m] Started FUSE filesystem for LXC.
         Starting A high performance web server and a reverse proxy server...
         Starting LSB: automatic crash report generation...
         Starting OpenBSD Secure Shell server...
         Starting System Logging Service...
[[0;32m  OK  [0m] Started Deferred execution scheduler.
         Starting LSB: Record successful boot for GRUB...
         Starting Virtualbox guest utils...
         Starting Snap Daemon...
         Starting Accounts Service...
[[0;32m  OK  [0m] Started irqbalance daemon.
         Starting Permit User Sessions...
[[0;32m  OK  [0m] Started D-Bus System Message Bus.
         Starting Login Service...
         Starting LXD - container startup/shutdown...
[[0;32m  OK  [0m] Started System Logging Service.
[[0;32m  OK  [0m] Started Availability of block devices.
[[0;32m  OK  [0m] Started Permit User Sessions.
[[0;32m  OK  [0m] Started OpenBSD Secure Shell server.
[[0;32m  OK  [0m] Started A high performance web server and a reverse proxy server.
[[0;32m  OK  [0m] Started Login Service.
[[0;32m  OK  [0m] Started Unattended Upgrades Shutdown.
         Starting Hostname Service...
         Starting Terminate Plymouth Boot Screen...
         Starting Hold until boot process finishes up...
[[0;32m  OK  [0m] Started Hold until boot process finishes up.
         Starting Set console scheme...
[[0;32m  OK  [0m] Started Serial Getty on ttyS0.
[[0;32m  OK  [0m] Started Terminate Plymouth Boot Screen.
[[0;32m  OK  [0m] Started Set console scheme.
[[0;32m  OK  [0m] Created slice system-getty.slice.
[[0;32m  OK  [0m] Started Getty on tty1.
[[0;32m  OK  [0m] Reached target Login Prompts.
         Starting Authorization Manager...
[[0;32m  OK  [0m] Started Dispatcher daemon for systemd-networkd.
[[0;32m  OK  [0m] Started Hostname Service.
[[0;32m  OK  [0m] Started Virtualbox guest utils.
[[0;32m  OK  [0m] Started LSB: automatic crash report generation.
[[0;32m  OK  [0m] Started Authorization Manager.
[[0;32m  OK  [0m] Started Accounts Service.
[[0;32m  OK  [0m] Started LSB: Record successful boot for GRUB.
[[0;32m  OK  [0m] Started LXD - container startup/shutdown.
[[0;32m  OK  [0m] Started Snap Daemon.
         Starting Wait until snapd is fully seeded...
[[0;32m  OK  [0m] Started Wait until snapd is fully seeded.
         Starting Apply the settings specified in cloud-config...
[[0;32m  OK  [0m] Reached target Multi-User System.
[[0;32m  OK  [0m] Reached target Graphical Interface.
         Starting Update UTMP about System Runlevel Changes...
[[0;32m  OK  [0m] Started Update UTMP about System Runlevel Changes.
[   10.651651] cloud-init[1162]: Cloud-init v. 20.4-0ubuntu1~18.04.1 running 'modules:config' at Wed, 06 Jan 2021 08:35:37 +0000. Up 10.60 seconds.
[[0;32m  OK  [0m] Started Apply the settings specified in cloud-config.
         Starting Execute cloud user/final scripts...
[   10.917976] cloud-init[1208]: Cloud-init v. 20.4-0ubuntu1~18.04.1 running 'modules:final' at Wed, 06 Jan 2021 08:35:37 +0000. Up 10.86 seconds.
[   10.919351] cloud-init[1208]: Cloud-init v. 20.4-0ubuntu1~18.04.1 finished at Wed, 06 Jan 2021 08:35:37 +0000. Datasource DataSourceNoCloud [seed=/dev/sdb][dsmode=net].  Up 10.91 seconds
[[0;32m  OK  [0m] Started Execute cloud user/final scripts.
[[0;32m  OK  [0m] Reached target Cloud-init target.

Ubuntu 18.04.5 LTS ubuntu-bionic ttyS0

ubuntu-bionic login: 